renders a valid config map instance resource:
  1: |
    apiVersion: v1
    data:
      color: blue
    immutable: false
    kind: ConfigMap
    metadata:
      labels:
        app.kubernetes.io/instance: RELEASE-NAME
        app.kubernetes.io/managed-by: Helm
        app.kubernetes.io/name: service-template
        app.kubernetes.io/version: 1.16.0
        helm.sh/chart: service-templates-0.3.10
        helm.sh/origin-chart: unified-helm-chart
      name: service-template
