renders a valid role binding instance resource:
  1: |
    apiVersion: rbac.authorization.k8s.io/v1
    kind: RoleBinding
    metadata:
      labels:
        app.kubernetes.io/instance: RELEASE-NAME
        app.kubernetes.io/managed-by: Helm
        app.kubernetes.io/name: service-template
        app.kubernetes.io/version: 1.16.0
        helm.sh/chart: service-templates-0.3.10
        helm.sh/origin-chart: unified-helm-chart
      name: service-template
    roleRef:
      apiGroup: rbac.authorization.k8s.io
      kind: Role
      name: test-role
    subjects:
      - kind: User
        name: TestUser
