renders a valid service instance resource:
  1: |
    apiVersion: v1
    kind: Service
    metadata:
      labels:
        app.kubernetes.io/instance: RELEASE-NAME
        app.kubernetes.io/managed-by: Helm
        app.kubernetes.io/name: service-template
        app.kubernetes.io/version: 1.16.0
        helm.sh/chart: service-templates-0.3.10
      name: service-template
    spec:
      ports:
        - name: test_port
          port: 80
          protocol: TCP
          targetPort: 8080
      selector:
        app.kubernetes.io/instance: RELEASE-NAME
        app.kubernetes.io/name: service-template
      type: NodePort
